Archive member included because of file (symbol)

d:/esd/material/avr/imt_sdk_win_64/imt_sdk_win_64/winavr/bin/../lib/gcc/avr/4.3.3/avr5\libgcc.a(_exit.o)
                              d:/esd/material/avr/imt_sdk_win_64/imt_sdk_win_64/winavr/bin/../lib/gcc/avr/4.3.3/../../../../avr/lib/avr5/crtm32.o (exit)
d:/esd/material/avr/imt_sdk_win_64/imt_sdk_win_64/winavr/bin/../lib/gcc/avr/4.3.3/avr5\libgcc.a(_copy_data.o)
                              ./Application/examble.o (__do_copy_data)
d:/esd/material/avr/imt_sdk_win_64/imt_sdk_win_64/winavr/bin/../lib/gcc/avr/4.3.3/avr5\libgcc.a(_clear_bss.o)
                              ./main.o (__do_clear_bss)
d:/esd/material/avr/imt_sdk_win_64/imt_sdk_win_64/winavr/bin/../lib/gcc/avr/4.3.3/../../../../avr/lib/avr5\libc.a(itoa.o)
                              ./HAL/CLCD 1602/CLCD_PROGRAM.o (itoa)
d:/esd/material/avr/imt_sdk_win_64/imt_sdk_win_64/winavr/bin/../lib/gcc/avr/4.3.3/../../../../avr/lib/avr5\libc.a(printf.o)
                              ./Application/examble.o (printf)
d:/esd/material/avr/imt_sdk_win_64/imt_sdk_win_64/winavr/bin/../lib/gcc/avr/4.3.3/../../../../avr/lib/avr5\libc.a(vfprintf_std.o)
                              d:/esd/material/avr/imt_sdk_win_64/imt_sdk_win_64/winavr/bin/../lib/gcc/avr/4.3.3/../../../../avr/lib/avr5\libc.a(printf.o) (vfprintf)
d:/esd/material/avr/imt_sdk_win_64/imt_sdk_win_64/winavr/bin/../lib/gcc/avr/4.3.3/../../../../avr/lib/avr5\libc.a(strnlen_P.o)
                              d:/esd/material/avr/imt_sdk_win_64/imt_sdk_win_64/winavr/bin/../lib/gcc/avr/4.3.3/../../../../avr/lib/avr5\libc.a(vfprintf_std.o) (strnlen_P)
d:/esd/material/avr/imt_sdk_win_64/imt_sdk_win_64/winavr/bin/../lib/gcc/avr/4.3.3/../../../../avr/lib/avr5\libc.a(strnlen.o)
                              d:/esd/material/avr/imt_sdk_win_64/imt_sdk_win_64/winavr/bin/../lib/gcc/avr/4.3.3/../../../../avr/lib/avr5\libc.a(vfprintf_std.o) (strnlen)
d:/esd/material/avr/imt_sdk_win_64/imt_sdk_win_64/winavr/bin/../lib/gcc/avr/4.3.3/../../../../avr/lib/avr5\libc.a(strrev.o)
                              d:/esd/material/avr/imt_sdk_win_64/imt_sdk_win_64/winavr/bin/../lib/gcc/avr/4.3.3/../../../../avr/lib/avr5\libc.a(itoa.o) (strrev)
d:/esd/material/avr/imt_sdk_win_64/imt_sdk_win_64/winavr/bin/../lib/gcc/avr/4.3.3/../../../../avr/lib/avr5\libc.a(fputc.o)
                              d:/esd/material/avr/imt_sdk_win_64/imt_sdk_win_64/winavr/bin/../lib/gcc/avr/4.3.3/../../../../avr/lib/avr5\libc.a(vfprintf_std.o) (fputc)
d:/esd/material/avr/imt_sdk_win_64/imt_sdk_win_64/winavr/bin/../lib/gcc/avr/4.3.3/../../../../avr/lib/avr5\libc.a(iob.o)
                              d:/esd/material/avr/imt_sdk_win_64/imt_sdk_win_64/winavr/bin/../lib/gcc/avr/4.3.3/../../../../avr/lib/avr5\libc.a(printf.o) (__iob)
d:/esd/material/avr/imt_sdk_win_64/imt_sdk_win_64/winavr/bin/../lib/gcc/avr/4.3.3/../../../../avr/lib/avr5\libc.a(ultoa_invert.o)
                              d:/esd/material/avr/imt_sdk_win_64/imt_sdk_win_64/winavr/bin/../lib/gcc/avr/4.3.3/../../../../avr/lib/avr5\libc.a(vfprintf_std.o) (__ultoa_invert)
d:/esd/material/avr/imt_sdk_win_64/imt_sdk_win_64/winavr/bin/../lib/gcc/avr/4.3.3/avr5\libgcc.a(_udivmodhi4.o)
                              d:/esd/material/avr/imt_sdk_win_64/imt_sdk_win_64/winavr/bin/../lib/gcc/avr/4.3.3/../../../../avr/lib/avr5\libc.a(itoa.o) (__udivmodhi4)
d:/esd/material/avr/imt_sdk_win_64/imt_sdk_win_64/winavr/bin/../lib/gcc/avr/4.3.3/avr5\libgcc.a(_prologue.o)
                              d:/esd/material/avr/imt_sdk_win_64/imt_sdk_win_64/winavr/bin/../lib/gcc/avr/4.3.3/../../../../avr/lib/avr5\libc.a(printf.o) (__prologue_saves__)
d:/esd/material/avr/imt_sdk_win_64/imt_sdk_win_64/winavr/bin/../lib/gcc/avr/4.3.3/avr5\libgcc.a(_epilogue.o)
                              d:/esd/material/avr/imt_sdk_win_64/imt_sdk_win_64/winavr/bin/../lib/gcc/avr/4.3.3/../../../../avr/lib/avr5\libc.a(printf.o) (__epilogue_restores__)

Allocating common symbols
Common symbol       size              file

__iob               0x6               d:/esd/material/avr/imt_sdk_win_64/imt_sdk_win_64/winavr/bin/../lib/gcc/avr/4.3.3/../../../../avr/lib/avr5\libc.a(iob.o)

Memory Configuration

Name             Origin             Length             Attributes
text             0x00000000         0x00020000         xr
data             0x00800060         0x0000ffa0         rw !x
eeprom           0x00810000         0x00010000         rw !x
fuse             0x00820000         0x00000400         rw !x
lock             0x00830000         0x00000400         rw !x
signature        0x00840000         0x00000400         rw !x
*default*        0x00000000         0xffffffff

Linker script and memory map

LOAD d:/esd/material/avr/imt_sdk_win_64/imt_sdk_win_64/winavr/bin/../lib/gcc/avr/4.3.3/../../../../avr/lib/avr5/crtm32.o
LOAD ./MCAL/UART/UART_PROGRAM.o
LOAD ./MCAL/Timer/TIMER_PROGRAM.o
LOAD ./MCAL/SPI/SPI_PROGRAM.o
LOAD ./MCAL/GIE/GIE_PROGRAM.o
LOAD ./MCAL/EXTI/EXT_INTERRUPT_PROGRAM.o
LOAD ./MCAL/DIO/DIO_PROGRAM.o
LOAD ./MCAL/ADC/ADC_PROGRAM.o
LOAD ./HAL/SHIFT_REGISTER/SHIFT_REGISTER_PROGRAM.o
LOAD ./HAL/CLCD 1602/CLCD_PROGRAM.o
LOAD ./Application/examble.o
LOAD ./main.o
LOAD d:/esd/material/avr/imt_sdk_win_64/imt_sdk_win_64/winavr/bin/../lib/gcc/avr/4.3.3/avr5\libgcc.a
LOAD d:/esd/material/avr/imt_sdk_win_64/imt_sdk_win_64/winavr/bin/../lib/gcc/avr/4.3.3/../../../../avr/lib/avr5\libc.a
LOAD d:/esd/material/avr/imt_sdk_win_64/imt_sdk_win_64/winavr/bin/../lib/gcc/avr/4.3.3/avr5\libgcc.a

.hash
 *(.hash)

.dynsym
 *(.dynsym)

.dynstr
 *(.dynstr)

.gnu.version
 *(.gnu.version)

.gnu.version_d
 *(.gnu.version_d)

.gnu.version_r
 *(.gnu.version_r)

.rel.init
 *(.rel.init)

.rela.init
 *(.rela.init)

.rel.text
 *(.rel.text)
 *(.rel.text.*)
 *(.rel.gnu.linkonce.t*)

.rela.text
 *(.rela.text)
 *(.rela.text.*)
 *(.rela.gnu.linkonce.t*)

.rel.fini
 *(.rel.fini)

.rela.fini
 *(.rela.fini)

.rel.rodata
 *(.rel.rodata)
 *(.rel.rodata.*)
 *(.rel.gnu.linkonce.r*)

.rela.rodata
 *(.rela.rodata)
 *(.rela.rodata.*)
 *(.rela.gnu.linkonce.r*)

.rel.data
 *(.rel.data)
 *(.rel.data.*)
 *(.rel.gnu.linkonce.d*)

.rela.data
 *(.rela.data)
 *(.rela.data.*)
 *(.rela.gnu.linkonce.d*)

.rel.ctors
 *(.rel.ctors)

.rela.ctors
 *(.rela.ctors)

.rel.dtors
 *(.rel.dtors)

.rela.dtors
 *(.rela.dtors)

.rel.got
 *(.rel.got)

.rela.got
 *(.rela.got)

.rel.bss
 *(.rel.bss)

.rela.bss
 *(.rela.bss)

.rel.plt
 *(.rel.plt)

.rela.plt
 *(.rela.plt)

.text           0x00000000      0xd86
 *(.vectors)
 .vectors       0x00000000       0x54 d:/esd/material/avr/imt_sdk_win_64/imt_sdk_win_64/winavr/bin/../lib/gcc/avr/4.3.3/../../../../avr/lib/avr5/crtm32.o
                0x00000000                __vectors
                0x00000000                __vector_default
 *(.vectors)
 *(.progmem.gcc*)
 *(.progmem*)
                0x00000054                . = ALIGN (0x2)
                0x00000054                __trampolines_start = .
 *(.trampolines)
 .trampolines   0x00000054        0x0 linker stubs
 *(.trampolines*)
                0x00000054                __trampolines_end = .
 *(.jumptables)
 *(.jumptables*)
 *(.lowtext)
 *(.lowtext*)
                0x00000054                __ctors_start = .
 *(.ctors)
                0x00000054                __ctors_end = .
                0x00000054                __dtors_start = .
 *(.dtors)
                0x00000054                __dtors_end = .
 SORT(*)(.ctors)
 SORT(*)(.dtors)
 *(.init0)
 .init0         0x00000054        0x0 d:/esd/material/avr/imt_sdk_win_64/imt_sdk_win_64/winavr/bin/../lib/gcc/avr/4.3.3/../../../../avr/lib/avr5/crtm32.o
                0x00000054                __init
 *(.init0)
 *(.init1)
 *(.init1)
 *(.init2)
 .init2         0x00000054        0xc d:/esd/material/avr/imt_sdk_win_64/imt_sdk_win_64/winavr/bin/../lib/gcc/avr/4.3.3/../../../../avr/lib/avr5/crtm32.o
 *(.init2)
 *(.init3)
 *(.init3)
 *(.init4)
 .init4         0x00000060       0x16 d:/esd/material/avr/imt_sdk_win_64/imt_sdk_win_64/winavr/bin/../lib/gcc/avr/4.3.3/avr5\libgcc.a(_copy_data.o)
                0x00000060                __do_copy_data
 .init4         0x00000076       0x10 d:/esd/material/avr/imt_sdk_win_64/imt_sdk_win_64/winavr/bin/../lib/gcc/avr/4.3.3/avr5\libgcc.a(_clear_bss.o)
                0x00000076                __do_clear_bss
 *(.init4)
 *(.init5)
 *(.init5)
 *(.init6)
 *(.init6)
 *(.init7)
 *(.init7)
 *(.init8)
 *(.init8)
 *(.init9)
 .init9         0x00000086        0x8 d:/esd/material/avr/imt_sdk_win_64/imt_sdk_win_64/winavr/bin/../lib/gcc/avr/4.3.3/../../../../avr/lib/avr5/crtm32.o
 *(.init9)
 *(.text)
 .text          0x0000008e        0x4 d:/esd/material/avr/imt_sdk_win_64/imt_sdk_win_64/winavr/bin/../lib/gcc/avr/4.3.3/../../../../avr/lib/avr5/crtm32.o
                0x0000008e                __vector_1
                0x0000008e                __vector_12
                0x0000008e                __bad_interrupt
                0x0000008e                __vector_6
                0x0000008e                __vector_3
                0x0000008e                __vector_11
                0x0000008e                __vector_13
                0x0000008e                __vector_17
                0x0000008e                __vector_19
                0x0000008e                __vector_7
                0x0000008e                __vector_5
                0x0000008e                __vector_4
                0x0000008e                __vector_9
                0x0000008e                __vector_2
                0x0000008e                __vector_15
                0x0000008e                __vector_8
                0x0000008e                __vector_14
                0x0000008e                __vector_10
                0x0000008e                __vector_16
                0x0000008e                __vector_18
                0x0000008e                __vector_20
 .text          0x00000092        0x0 ./MCAL/UART/UART_PROGRAM.o
 .text          0x00000092        0x0 ./MCAL/Timer/TIMER_PROGRAM.o
 .text          0x00000092        0x0 ./MCAL/SPI/SPI_PROGRAM.o
 .text          0x00000092        0x0 ./MCAL/GIE/GIE_PROGRAM.o
 .text          0x00000092        0x0 ./MCAL/EXTI/EXT_INTERRUPT_PROGRAM.o
 .text          0x00000092        0x0 ./MCAL/DIO/DIO_PROGRAM.o
 .text          0x00000092        0x0 ./MCAL/ADC/ADC_PROGRAM.o
 .text          0x00000092        0x0 ./HAL/SHIFT_REGISTER/SHIFT_REGISTER_PROGRAM.o
 .text          0x00000092        0x0 ./HAL/CLCD 1602/CLCD_PROGRAM.o
 .text          0x00000092        0x0 ./Application/examble.o
 .text          0x00000092        0x0 ./main.o
 .text          0x00000092        0x0 d:/esd/material/avr/imt_sdk_win_64/imt_sdk_win_64/winavr/bin/../lib/gcc/avr/4.3.3/avr5\libgcc.a(_exit.o)
 .text          0x00000092        0x0 d:/esd/material/avr/imt_sdk_win_64/imt_sdk_win_64/winavr/bin/../lib/gcc/avr/4.3.3/avr5\libgcc.a(_copy_data.o)
 .text          0x00000092        0x0 d:/esd/material/avr/imt_sdk_win_64/imt_sdk_win_64/winavr/bin/../lib/gcc/avr/4.3.3/avr5\libgcc.a(_clear_bss.o)
 .text          0x00000092        0x0 d:/esd/material/avr/imt_sdk_win_64/imt_sdk_win_64/winavr/bin/../lib/gcc/avr/4.3.3/../../../../avr/lib/avr5\libc.a(itoa.o)
 .text          0x00000092        0x0 d:/esd/material/avr/imt_sdk_win_64/imt_sdk_win_64/winavr/bin/../lib/gcc/avr/4.3.3/../../../../avr/lib/avr5\libc.a(printf.o)
 .text          0x00000092        0x0 d:/esd/material/avr/imt_sdk_win_64/imt_sdk_win_64/winavr/bin/../lib/gcc/avr/4.3.3/../../../../avr/lib/avr5\libc.a(vfprintf_std.o)
 .text          0x00000092        0x0 d:/esd/material/avr/imt_sdk_win_64/imt_sdk_win_64/winavr/bin/../lib/gcc/avr/4.3.3/../../../../avr/lib/avr5\libc.a(strnlen_P.o)
 .text          0x00000092        0x0 d:/esd/material/avr/imt_sdk_win_64/imt_sdk_win_64/winavr/bin/../lib/gcc/avr/4.3.3/../../../../avr/lib/avr5\libc.a(strnlen.o)
 .text          0x00000092        0x0 d:/esd/material/avr/imt_sdk_win_64/imt_sdk_win_64/winavr/bin/../lib/gcc/avr/4.3.3/../../../../avr/lib/avr5\libc.a(strrev.o)
 .text          0x00000092        0x0 d:/esd/material/avr/imt_sdk_win_64/imt_sdk_win_64/winavr/bin/../lib/gcc/avr/4.3.3/../../../../avr/lib/avr5\libc.a(fputc.o)
 .text          0x00000092        0x0 d:/esd/material/avr/imt_sdk_win_64/imt_sdk_win_64/winavr/bin/../lib/gcc/avr/4.3.3/../../../../avr/lib/avr5\libc.a(iob.o)
 .text          0x00000092        0x0 d:/esd/material/avr/imt_sdk_win_64/imt_sdk_win_64/winavr/bin/../lib/gcc/avr/4.3.3/../../../../avr/lib/avr5\libc.a(ultoa_invert.o)
 .text          0x00000092        0x0 d:/esd/material/avr/imt_sdk_win_64/imt_sdk_win_64/winavr/bin/../lib/gcc/avr/4.3.3/avr5\libgcc.a(_udivmodhi4.o)
 .text          0x00000092        0x0 d:/esd/material/avr/imt_sdk_win_64/imt_sdk_win_64/winavr/bin/../lib/gcc/avr/4.3.3/avr5\libgcc.a(_prologue.o)
 .text          0x00000092        0x0 d:/esd/material/avr/imt_sdk_win_64/imt_sdk_win_64/winavr/bin/../lib/gcc/avr/4.3.3/avr5\libgcc.a(_epilogue.o)
                0x00000092                . = ALIGN (0x2)
 *(.text.*)
 .text.UART_init
                0x00000092       0x14 ./MCAL/UART/UART_PROGRAM.o
                0x00000092                UART_init
 .text.UART_Receive
                0x000000a6        0x6 ./MCAL/UART/UART_PROGRAM.o
                0x000000a6                UART_Receive
 .text.UART_Send
                0x000000ac        0x6 ./MCAL/UART/UART_PROGRAM.o
                0x000000ac                UART_Send
 .text.UART_RXFlAG_down
                0x000000b2        0x4 ./MCAL/UART/UART_PROGRAM.o
                0x000000b2                UART_RXFlAG_down
 .text.UART_Receive_String
                0x000000b6       0x1c ./MCAL/UART/UART_PROGRAM.o
                0x000000b6                UART_Receive_String
 .text.UART_disable
                0x000000d2        0x4 ./MCAL/UART/UART_PROGRAM.o
                0x000000d2                UART_disable
 .text.UART_enable
                0x000000d6        0x4 ./MCAL/UART/UART_PROGRAM.o
                0x000000d6                UART_enable
 .text.Timer0_init
                0x000000da       0x2c ./MCAL/Timer/TIMER_PROGRAM.o
                0x000000da                Timer0_init
 .text.Timer1_init
                0x00000106       0x60 ./MCAL/Timer/TIMER_PROGRAM.o
                0x00000106                Timer1_init
 .text.Timer2_init
                0x00000166       0x2c ./MCAL/Timer/TIMER_PROGRAM.o
                0x00000166                Timer2_init
 .text.SPI_Master_init
                0x00000192        0xc ./MCAL/SPI/SPI_PROGRAM.o
                0x00000192                SPI_Master_init
 .text.SPI_Slave_init
                0x0000019e        0x6 ./MCAL/SPI/SPI_PROGRAM.o
                0x0000019e                SPI_Slave_init
 .text.SPI_Transive
                0x000001a4        0x8 ./MCAL/SPI/SPI_PROGRAM.o
                0x000001a4                SPI_Transive
 .text.Globle_Intrrupt_Enable
                0x000001ac        0x8 ./MCAL/GIE/GIE_PROGRAM.o
                0x000001ac                Globle_Intrrupt_Enable
 .text.Globle_Intrrupt_Disable
                0x000001b4        0x8 ./MCAL/GIE/GIE_PROGRAM.o
                0x000001b4                Globle_Intrrupt_Disable
 .text.INT0_init
                0x000001bc       0x14 ./MCAL/EXTI/EXT_INTERRUPT_PROGRAM.o
                0x000001bc                INT0_init
 .text.INT1_init
                0x000001d0       0x14 ./MCAL/EXTI/EXT_INTERRUPT_PROGRAM.o
                0x000001d0                INT1_init
 .text.INT2_init
                0x000001e4        0xe ./MCAL/EXTI/EXT_INTERRUPT_PROGRAM.o
                0x000001e4                INT2_init
 .text.DIO_SetPin_Value
                0x000001f2       0xe6 ./MCAL/DIO/DIO_PROGRAM.o
                0x000001f2                DIO_SetPin_Value
 .text.DIO_SetPin_Direction
                0x000002d8       0xe6 ./MCAL/DIO/DIO_PROGRAM.o
                0x000002d8                DIO_SetPin_Direction
 .text.DIO_SetPort_Value
                0x000003be       0x22 ./MCAL/DIO/DIO_PROGRAM.o
                0x000003be                DIO_SetPort_Value
 .text.DIO_SetPort_Direction
                0x000003e0       0x22 ./MCAL/DIO/DIO_PROGRAM.o
                0x000003e0                DIO_SetPort_Direction
 .text.DIO_GetPinValue
                0x00000402       0x40 ./MCAL/DIO/DIO_PROGRAM.o
                0x00000402                DIO_GetPinValue
 .text.ADC_init
                0x00000442       0x10 ./MCAL/ADC/ADC_PROGRAM.o
                0x00000442                ADC_init
 .text.ADC_Read_Sych
                0x00000452       0x2a ./MCAL/ADC/ADC_PROGRAM.o
                0x00000452                ADC_Read_Sych
 .text.Shift    0x0000047c       0x92 ./HAL/SHIFT_REGISTER/SHIFT_REGISTER_PROGRAM.o
                0x0000047c                Shift
 .text.LCD8Bit_Send_Data
                0x0000050e       0x4c ./HAL/CLCD 1602/CLCD_PROGRAM.o
                0x0000050e                LCD8Bit_Send_Data
 .text.LCD_Send_String
                0x0000055a       0x26 ./HAL/CLCD 1602/CLCD_PROGRAM.o
                0x0000055a                LCD_Send_String
 .text.LCD_Send_Int
                0x00000580       0x44 ./HAL/CLCD 1602/CLCD_PROGRAM.o
                0x00000580                LCD_Send_Int
 .text.LCD8Bit_Send_Command
                0x000005c4       0x4c ./HAL/CLCD 1602/CLCD_PROGRAM.o
                0x000005c4                LCD8Bit_Send_Command
 .text.LCD_Save_Character
                0x00000610       0x3a ./HAL/CLCD 1602/CLCD_PROGRAM.o
                0x00000610                LCD_Save_Character
 .text.LCD_GOTOXY
                0x0000064a       0x16 ./HAL/CLCD 1602/CLCD_PROGRAM.o
                0x0000064a                LCD_GOTOXY
 .text.LCD_Display_Character
                0x00000660       0x2e ./HAL/CLCD 1602/CLCD_PROGRAM.o
                0x00000660                LCD_Display_Character
 .text.LCD8Bit_init
                0x0000068e       0x26 ./HAL/CLCD 1602/CLCD_PROGRAM.o
                0x0000068e                LCD8Bit_init
 .text.maiin    0x000006b4       0x46 ./Application/examble.o
                0x000006b4                maiin
 .text.main     0x000006fa       0x6c ./main.o
                0x000006fa                main
 .text.libgcc   0x00000766        0x0 d:/esd/material/avr/imt_sdk_win_64/imt_sdk_win_64/winavr/bin/../lib/gcc/avr/4.3.3/avr5\libgcc.a(_exit.o)
 .text.libgcc   0x00000766        0x0 d:/esd/material/avr/imt_sdk_win_64/imt_sdk_win_64/winavr/bin/../lib/gcc/avr/4.3.3/avr5\libgcc.a(_copy_data.o)
 .text.libgcc   0x00000766        0x0 d:/esd/material/avr/imt_sdk_win_64/imt_sdk_win_64/winavr/bin/../lib/gcc/avr/4.3.3/avr5\libgcc.a(_clear_bss.o)
 .text.avr-libc
                0x00000766       0x42 d:/esd/material/avr/imt_sdk_win_64/imt_sdk_win_64/winavr/bin/../lib/gcc/avr/4.3.3/../../../../avr/lib/avr5\libc.a(itoa.o)
                0x00000766                itoa
 .text.avr-libc
                0x000007a8       0x2a d:/esd/material/avr/imt_sdk_win_64/imt_sdk_win_64/winavr/bin/../lib/gcc/avr/4.3.3/../../../../avr/lib/avr5\libc.a(printf.o)
                0x000007a8                printf
 .text.avr-libc
                0x000007d2      0x3ba d:/esd/material/avr/imt_sdk_win_64/imt_sdk_win_64/winavr/bin/../lib/gcc/avr/4.3.3/../../../../avr/lib/avr5\libc.a(vfprintf_std.o)
                0x000007d2                vfprintf
 .text.avr-libc
                0x00000b8c       0x16 d:/esd/material/avr/imt_sdk_win_64/imt_sdk_win_64/winavr/bin/../lib/gcc/avr/4.3.3/../../../../avr/lib/avr5\libc.a(strnlen_P.o)
                0x00000b8c                strnlen_P
 .text.avr-libc
                0x00000ba2       0x16 d:/esd/material/avr/imt_sdk_win_64/imt_sdk_win_64/winavr/bin/../lib/gcc/avr/4.3.3/../../../../avr/lib/avr5\libc.a(strnlen.o)
                0x00000ba2                strnlen
 .text.avr-libc
                0x00000bb8       0x20 d:/esd/material/avr/imt_sdk_win_64/imt_sdk_win_64/winavr/bin/../lib/gcc/avr/4.3.3/../../../../avr/lib/avr5\libc.a(strrev.o)
                0x00000bb8                strrev
 .text.avr-libc
                0x00000bd8       0x58 d:/esd/material/avr/imt_sdk_win_64/imt_sdk_win_64/winavr/bin/../lib/gcc/avr/4.3.3/../../../../avr/lib/avr5\libc.a(fputc.o)
                0x00000bd8                fputc
 .text.avr-libc
                0x00000c30       0xbc d:/esd/material/avr/imt_sdk_win_64/imt_sdk_win_64/winavr/bin/../lib/gcc/avr/4.3.3/../../../../avr/lib/avr5\libc.a(ultoa_invert.o)
                0x00000c30                __ultoa_invert
 .text.libgcc   0x00000cec       0x28 d:/esd/material/avr/imt_sdk_win_64/imt_sdk_win_64/winavr/bin/../lib/gcc/avr/4.3.3/avr5\libgcc.a(_udivmodhi4.o)
                0x00000cec                __udivmodhi4
 .text.libgcc   0x00000d14       0x38 d:/esd/material/avr/imt_sdk_win_64/imt_sdk_win_64/winavr/bin/../lib/gcc/avr/4.3.3/avr5\libgcc.a(_prologue.o)
                0x00000d14                __prologue_saves__
 .text.libgcc   0x00000d4c       0x36 d:/esd/material/avr/imt_sdk_win_64/imt_sdk_win_64/winavr/bin/../lib/gcc/avr/4.3.3/avr5\libgcc.a(_epilogue.o)
                0x00000d4c                __epilogue_restores__
                0x00000d82                . = ALIGN (0x2)
 *(.fini9)
 .fini9         0x00000d82        0x0 d:/esd/material/avr/imt_sdk_win_64/imt_sdk_win_64/winavr/bin/../lib/gcc/avr/4.3.3/avr5\libgcc.a(_exit.o)
                0x00000d82                exit
                0x00000d82                _exit
 *(.fini9)
 *(.fini8)
 *(.fini8)
 *(.fini7)
 *(.fini7)
 *(.fini6)
 *(.fini6)
 *(.fini5)
 *(.fini5)
 *(.fini4)
 *(.fini4)
 *(.fini3)
 *(.fini3)
 *(.fini2)
 *(.fini2)
 *(.fini1)
 *(.fini1)
 *(.fini0)
 .fini0         0x00000d82        0x4 d:/esd/material/avr/imt_sdk_win_64/imt_sdk_win_64/winavr/bin/../lib/gcc/avr/4.3.3/avr5\libgcc.a(_exit.o)
 *(.fini0)
                0x00000d86                _etext = .

.data           0x00800060       0xfa load address 0x00000d86
                0x00800060                PROVIDE (__data_start, .)
 *(.data)
 .data          0x00800060        0x0 d:/esd/material/avr/imt_sdk_win_64/imt_sdk_win_64/winavr/bin/../lib/gcc/avr/4.3.3/../../../../avr/lib/avr5/crtm32.o
 .data          0x00800060        0x0 ./MCAL/UART/UART_PROGRAM.o
 .data          0x00800060        0x0 ./MCAL/Timer/TIMER_PROGRAM.o
 .data          0x00800060        0x0 ./MCAL/SPI/SPI_PROGRAM.o
 .data          0x00800060        0x0 ./MCAL/GIE/GIE_PROGRAM.o
 .data          0x00800060        0x0 ./MCAL/EXTI/EXT_INTERRUPT_PROGRAM.o
 .data          0x00800060        0x0 ./MCAL/DIO/DIO_PROGRAM.o
 .data          0x00800060        0x0 ./MCAL/ADC/ADC_PROGRAM.o
 .data          0x00800060        0x0 ./HAL/SHIFT_REGISTER/SHIFT_REGISTER_PROGRAM.o
 .data          0x00800060        0x0 ./HAL/CLCD 1602/CLCD_PROGRAM.o
 .data          0x00800060        0x9 ./Application/examble.o
 .data          0x00800069        0x0 ./main.o
 .data          0x00800069        0x0 d:/esd/material/avr/imt_sdk_win_64/imt_sdk_win_64/winavr/bin/../lib/gcc/avr/4.3.3/avr5\libgcc.a(_exit.o)
 .data          0x00800069        0x0 d:/esd/material/avr/imt_sdk_win_64/imt_sdk_win_64/winavr/bin/../lib/gcc/avr/4.3.3/avr5\libgcc.a(_copy_data.o)
 .data          0x00800069        0x0 d:/esd/material/avr/imt_sdk_win_64/imt_sdk_win_64/winavr/bin/../lib/gcc/avr/4.3.3/avr5\libgcc.a(_clear_bss.o)
 .data          0x00800069        0x0 d:/esd/material/avr/imt_sdk_win_64/imt_sdk_win_64/winavr/bin/../lib/gcc/avr/4.3.3/../../../../avr/lib/avr5\libc.a(itoa.o)
 .data          0x00800069        0x0 d:/esd/material/avr/imt_sdk_win_64/imt_sdk_win_64/winavr/bin/../lib/gcc/avr/4.3.3/../../../../avr/lib/avr5\libc.a(printf.o)
 .data          0x00800069        0x0 d:/esd/material/avr/imt_sdk_win_64/imt_sdk_win_64/winavr/bin/../lib/gcc/avr/4.3.3/../../../../avr/lib/avr5\libc.a(vfprintf_std.o)
 .data          0x00800069        0x0 d:/esd/material/avr/imt_sdk_win_64/imt_sdk_win_64/winavr/bin/../lib/gcc/avr/4.3.3/../../../../avr/lib/avr5\libc.a(strnlen_P.o)
 .data          0x00800069        0x0 d:/esd/material/avr/imt_sdk_win_64/imt_sdk_win_64/winavr/bin/../lib/gcc/avr/4.3.3/../../../../avr/lib/avr5\libc.a(strnlen.o)
 .data          0x00800069        0x0 d:/esd/material/avr/imt_sdk_win_64/imt_sdk_win_64/winavr/bin/../lib/gcc/avr/4.3.3/../../../../avr/lib/avr5\libc.a(strrev.o)
 .data          0x00800069        0x0 d:/esd/material/avr/imt_sdk_win_64/imt_sdk_win_64/winavr/bin/../lib/gcc/avr/4.3.3/../../../../avr/lib/avr5\libc.a(fputc.o)
 .data          0x00800069        0x0 d:/esd/material/avr/imt_sdk_win_64/imt_sdk_win_64/winavr/bin/../lib/gcc/avr/4.3.3/../../../../avr/lib/avr5\libc.a(iob.o)
 .data          0x00800069        0x0 d:/esd/material/avr/imt_sdk_win_64/imt_sdk_win_64/winavr/bin/../lib/gcc/avr/4.3.3/../../../../avr/lib/avr5\libc.a(ultoa_invert.o)
 .data          0x00800069        0x0 d:/esd/material/avr/imt_sdk_win_64/imt_sdk_win_64/winavr/bin/../lib/gcc/avr/4.3.3/avr5\libgcc.a(_udivmodhi4.o)
 .data          0x00800069        0x0 d:/esd/material/avr/imt_sdk_win_64/imt_sdk_win_64/winavr/bin/../lib/gcc/avr/4.3.3/avr5\libgcc.a(_prologue.o)
 .data          0x00800069        0x0 d:/esd/material/avr/imt_sdk_win_64/imt_sdk_win_64/winavr/bin/../lib/gcc/avr/4.3.3/avr5\libgcc.a(_epilogue.o)
 *(.data*)
 .data.users    0x00800069       0xf0 ./Application/examble.o
                0x00800069                users
 *(.rodata)
 *(.rodata*)
 *(.gnu.linkonce.d*)
                0x0080015a                . = ALIGN (0x2)
 *fill*         0x00800159        0x1 00
                0x0080015a                _edata = .
                0x0080015a                PROVIDE (__data_end, .)

.bss            0x0080015a        0x7
                0x0080015a                PROVIDE (__bss_start, .)
 *(.bss)
 .bss           0x0080015a        0x0 d:/esd/material/avr/imt_sdk_win_64/imt_sdk_win_64/winavr/bin/../lib/gcc/avr/4.3.3/../../../../avr/lib/avr5/crtm32.o
 .bss           0x0080015a        0x0 ./MCAL/UART/UART_PROGRAM.o
 .bss           0x0080015a        0x0 ./MCAL/Timer/TIMER_PROGRAM.o
 .bss           0x0080015a        0x0 ./MCAL/SPI/SPI_PROGRAM.o
 .bss           0x0080015a        0x0 ./MCAL/GIE/GIE_PROGRAM.o
 .bss           0x0080015a        0x0 ./MCAL/EXTI/EXT_INTERRUPT_PROGRAM.o
 .bss           0x0080015a        0x0 ./MCAL/DIO/DIO_PROGRAM.o
 .bss           0x0080015a        0x0 ./MCAL/ADC/ADC_PROGRAM.o
 .bss           0x0080015a        0x0 ./HAL/SHIFT_REGISTER/SHIFT_REGISTER_PROGRAM.o
 .bss           0x0080015a        0x0 ./HAL/CLCD 1602/CLCD_PROGRAM.o
 .bss           0x0080015a        0x0 ./Application/examble.o
 .bss           0x0080015a        0x0 ./main.o
 .bss           0x0080015a        0x0 d:/esd/material/avr/imt_sdk_win_64/imt_sdk_win_64/winavr/bin/../lib/gcc/avr/4.3.3/avr5\libgcc.a(_exit.o)
 .bss           0x0080015a        0x0 d:/esd/material/avr/imt_sdk_win_64/imt_sdk_win_64/winavr/bin/../lib/gcc/avr/4.3.3/avr5\libgcc.a(_copy_data.o)
 .bss           0x0080015a        0x0 d:/esd/material/avr/imt_sdk_win_64/imt_sdk_win_64/winavr/bin/../lib/gcc/avr/4.3.3/avr5\libgcc.a(_clear_bss.o)
 .bss           0x0080015a        0x0 d:/esd/material/avr/imt_sdk_win_64/imt_sdk_win_64/winavr/bin/../lib/gcc/avr/4.3.3/../../../../avr/lib/avr5\libc.a(itoa.o)
 .bss           0x0080015a        0x0 d:/esd/material/avr/imt_sdk_win_64/imt_sdk_win_64/winavr/bin/../lib/gcc/avr/4.3.3/../../../../avr/lib/avr5\libc.a(printf.o)
 .bss           0x0080015a        0x0 d:/esd/material/avr/imt_sdk_win_64/imt_sdk_win_64/winavr/bin/../lib/gcc/avr/4.3.3/../../../../avr/lib/avr5\libc.a(vfprintf_std.o)
 .bss           0x0080015a        0x0 d:/esd/material/avr/imt_sdk_win_64/imt_sdk_win_64/winavr/bin/../lib/gcc/avr/4.3.3/../../../../avr/lib/avr5\libc.a(strnlen_P.o)
 .bss           0x0080015a        0x0 d:/esd/material/avr/imt_sdk_win_64/imt_sdk_win_64/winavr/bin/../lib/gcc/avr/4.3.3/../../../../avr/lib/avr5\libc.a(strnlen.o)
 .bss           0x0080015a        0x0 d:/esd/material/avr/imt_sdk_win_64/imt_sdk_win_64/winavr/bin/../lib/gcc/avr/4.3.3/../../../../avr/lib/avr5\libc.a(strrev.o)
 .bss           0x0080015a        0x0 d:/esd/material/avr/imt_sdk_win_64/imt_sdk_win_64/winavr/bin/../lib/gcc/avr/4.3.3/../../../../avr/lib/avr5\libc.a(fputc.o)
 .bss           0x0080015a        0x0 d:/esd/material/avr/imt_sdk_win_64/imt_sdk_win_64/winavr/bin/../lib/gcc/avr/4.3.3/../../../../avr/lib/avr5\libc.a(iob.o)
 .bss           0x0080015a        0x0 d:/esd/material/avr/imt_sdk_win_64/imt_sdk_win_64/winavr/bin/../lib/gcc/avr/4.3.3/../../../../avr/lib/avr5\libc.a(ultoa_invert.o)
 .bss           0x0080015a        0x0 d:/esd/material/avr/imt_sdk_win_64/imt_sdk_win_64/winavr/bin/../lib/gcc/avr/4.3.3/avr5\libgcc.a(_udivmodhi4.o)
 .bss           0x0080015a        0x0 d:/esd/material/avr/imt_sdk_win_64/imt_sdk_win_64/winavr/bin/../lib/gcc/avr/4.3.3/avr5\libgcc.a(_prologue.o)
 .bss           0x0080015a        0x0 d:/esd/material/avr/imt_sdk_win_64/imt_sdk_win_64/winavr/bin/../lib/gcc/avr/4.3.3/avr5\libgcc.a(_epilogue.o)
 *(.bss*)
 .bss.c         0x0080015a        0x1 ./main.o
 *(COMMON)
 COMMON         0x0080015b        0x6 d:/esd/material/avr/imt_sdk_win_64/imt_sdk_win_64/winavr/bin/../lib/gcc/avr/4.3.3/../../../../avr/lib/avr5\libc.a(iob.o)
                0x0080015b                __iob
                0x00800161                PROVIDE (__bss_end, .)
                0x00000d86                __data_load_start = LOADADDR (.data)
                0x00000e80                __data_load_end = (__data_load_start + SIZEOF (.data))

.noinit         0x00800161        0x0
                0x00800161                PROVIDE (__noinit_start, .)
 *(.noinit*)
                0x00800161                PROVIDE (__noinit_end, .)
                0x00800161                _end = .
                0x00800161                PROVIDE (__heap_start, .)

.eeprom         0x00810000        0x0
 *(.eeprom*)
                0x00810000                __eeprom_end = .

.fuse
 *(.fuse)
 *(.lfuse)
 *(.hfuse)
 *(.efuse)

.lock
 *(.lock*)

.signature
 *(.signature*)

.stab
 *(.stab)

.stabstr
 *(.stabstr)

.stab.excl
 *(.stab.excl)

.stab.exclstr
 *(.stab.exclstr)

.stab.index
 *(.stab.index)

.stab.indexstr
 *(.stab.indexstr)

.comment
 *(.comment)

.debug
 *(.debug)

.line
 *(.line)

.debug_srcinfo
 *(.debug_srcinfo)

.debug_sfnames
 *(.debug_sfnames)

.debug_aranges
 *(.debug_aranges)

.debug_pubnames
 *(.debug_pubnames)

.debug_info
 *(.debug_info)
 *(.gnu.linkonce.wi.*)

.debug_abbrev
 *(.debug_abbrev)

.debug_line
 *(.debug_line)

.debug_frame
 *(.debug_frame)

.debug_str
 *(.debug_str)

.debug_loc
 *(.debug_loc)

.debug_macinfo
 *(.debug_macinfo)
OUTPUT(Atmega32.elf elf32-avr)
LOAD linker stubs
